
> portfolio@0.0.0 test
> vitest run src/pages/home/Home.test.tsx


[1m[46m RUN [49m[22m [36mv4.0.10 [39m[90mD:/D New/Web Projects/portfolio[39m

node.exe : Could not parse CSS stylesheet
At C:\Program Files\nodejs\npm.ps1:29 char:3
+   & $NODE_EXE $NPM_CLI_JS $args
+   ~~~~~~~~~~~~~~~~~~~~~~~~~~~~~
    + CategoryInfo          : NotSpecified: (Could not parse CSS stylesheet:St 
   ring) [], RemoteException
    + FullyQualifiedErrorId : NativeCommandError
 
Could not parse CSS stylesheet
Could not parse CSS stylesheet
Could not parse CSS stylesheet
Could not parse CSS stylesheet
Could not parse CSS stylesheet
Could not parse CSS stylesheet
Could not parse CSS stylesheet
 [32m✓[39m src/pages/home/Home.test.tsx [2m([22m[2m4 tests[22m[2m)[22m[33m 1021[2mms[22m[39m
     [33m[2m✓[22m[39m renders the hero section [33m 633[2mms[22m[39m

[2m Test Files [22m [1m[32m1 passed[39m[22m[90m (1)[39m
[2m      Tests [22m [1m[32m4 passed[39m[22m[90m (4)[39m
[2m   Start at [22m 01:45:05
[2m   Duration [22m 8.88s[2m (transform 724ms, setup 373ms, collect 5.53s, tests 1.02s, environment 1.68s, prepare 25ms)[22m

